2022-06-09T16:52:04.585+0800	INFO	custome/main.go:28	failed to fetch URL	{"url": "htts://github.com", "attempt": 3, "backoff": 1}
2022-06-09T16:52:04.585+0800	INFO	custome/main.go:34	Failed to fetch URL: htts://github.com
